\BOOKMARK [1][-]{section.1}{\376\377\000I\000n\000t\000r\000o\000d\000u\000c\000t\000i\000o\000n}{}% 1
\BOOKMARK [2][-]{subsection.1.1}{\376\377\000P\000r\000o\000j\000e\000c\000t\000\040\000G\000o\000a\000l\000s}{section.1}% 2
\BOOKMARK [2][-]{subsection.1.2}{\376\377\000C\000o\000n\000t\000r\000i\000b\000u\000t\000i\000o\000n\000s}{section.1}% 3
\BOOKMARK [2][-]{subsection.1.3}{\376\377\000D\000o\000c\000u\000m\000e\000n\000t\000\040\000L\000a\000y\000o\000u\000t}{section.1}% 4
\BOOKMARK [1][-]{section.2}{\376\377\000L\000i\000t\000e\000r\000a\000t\000u\000r\000e\000\040\000R\000e\000v\000i\000e\000w}{}% 5
\BOOKMARK [2][-]{subsection.2.1}{\376\377\000T\000h\000e\000\040\000A\000d\000v\000a\000n\000c\000e\000d\000\040\000E\000n\000c\000r\000y\000p\000t\000i\000o\000n\000\040\000S\000t\000a\000n\000d\000a\000r\000d}{section.2}% 6
\BOOKMARK [2][-]{subsection.2.2}{\376\377\000B\000l\000o\000c\000k\000-\000C\000i\000p\000h\000e\000r\000\040\000M\000o\000d\000e\000s\000\040\000a\000n\000d\000\040\000A\000E\000A\000D}{section.2}% 7
\BOOKMARK [2][-]{subsection.2.3}{\376\377\000A\000E\000S\000\040\000H\000a\000r\000d\000w\000a\000r\000e\000\040\000A\000r\000c\000h\000i\000t\000e\000c\000t\000u\000r\000e}{section.2}% 8
\BOOKMARK [2][-]{subsection.2.4}{\376\377\000S\000y\000s\000t\000e\000m\000V\000e\000r\000i\000l\000o\000g\000\040\000V\000e\000r\000i\000f\000i\000c\000a\000t\000i\000o\000n\000\040\000M\000e\000t\000h\000o\000d\000o\000l\000o\000g\000y}{section.2}% 9
\BOOKMARK [1][-]{section.3}{\376\377\000S\000y\000s\000t\000e\000m\000\040\000O\000v\000e\000r\000v\000i\000e\000w}{}% 10
\BOOKMARK [2][-]{subsection.3.1}{\376\377\000A\000l\000g\000o\000r\000i\000t\000h\000m\000i\000c\000\040\000V\000i\000e\000w\000\040\000o\000f\000\040\000A\000E\000S}{section.3}% 11
\BOOKMARK [2][-]{subsection.3.2}{\376\377\000B\000l\000o\000c\000k\000-\000C\000i\000p\000h\000e\000r\000\040\000M\000o\000d\000e\000s\000\040\000S\000u\000p\000p\000o\000r\000t\000e\000d}{section.3}% 12
\BOOKMARK [2][-]{subsection.3.3}{\376\377\000T\000o\000p\000-\000L\000e\000v\000e\000l\000\040\000A\000r\000c\000h\000i\000t\000e\000c\000t\000u\000r\000e}{section.3}% 13
\BOOKMARK [2][-]{subsection.3.4}{\376\377\000D\000e\000s\000i\000g\000n\000\040\000G\000o\000a\000l\000s}{section.3}% 14
\BOOKMARK [1][-]{section.4}{\376\377\000R\000T\000L\000\040\000M\000i\000c\000r\000o\000a\000r\000c\000h\000i\000t\000e\000c\000t\000u\000r\000e}{}% 15
\BOOKMARK [2][-]{subsection.4.1}{\376\377\000C\000l\000o\000c\000k\000i\000n\000g\000\040\000a\000n\000d\000\040\000R\000e\000s\000e\000t}{section.4}% 16
\BOOKMARK [2][-]{subsection.4.2}{\376\377\000P\000a\000r\000a\000m\000e\000t\000e\000r\000i\000s\000a\000t\000i\000o\000n\000\040\000S\000t\000r\000a\000t\000e\000g\000y}{section.4}% 17
\BOOKMARK [2][-]{subsection.4.3}{\376\377\000T\000o\000p\000\040\000L\000e\000v\000e\000l\000\040\000\050\000a\000e\000s\000\137\000t\000o\000p\000\051}{section.4}% 18
\BOOKMARK [2][-]{subsection.4.4}{\376\377\000M\000o\000d\000e\000\040\000D\000a\000t\000a\000p\000a\000t\000h\000\040\000\050\000a\000e\000s\000\137\000m\000o\000d\000e\000\137\000d\000a\000t\000a\000p\000a\000t\000h\000\051}{section.4}% 19
\BOOKMARK [2][-]{subsection.4.5}{\376\377\000E\000n\000c\000r\000y\000p\000t\000\040\000P\000i\000p\000e\000l\000i\000n\000e\000\040\000\050\000A\000E\000S\000\137\000E\000n\000c\000r\000y\000p\000t\000\137\000P\000i\000p\000e\000\051}{section.4}% 20
\BOOKMARK [2][-]{subsection.4.6}{\376\377\000D\000e\000c\000r\000y\000p\000t\000\040\000P\000i\000p\000e\000l\000i\000n\000e\000\040\000\050\000A\000E\000S\000\137\000D\000e\000c\000r\000y\000p\000t\000\137\000P\000i\000p\000e\000\051}{section.4}% 21
\BOOKMARK [2][-]{subsection.4.7}{\376\377\000K\000e\000y\000\040\000S\000u\000b\000s\000y\000s\000t\000e\000m\000\040\000\050\000k\000e\000y\000\137\000s\000y\000s\000t\000e\000m\000\137\000t\000o\000p\000\051}{section.4}% 22
\BOOKMARK [2][-]{subsection.4.8}{\376\377\000G\000C\000M\000\040\000C\000o\000u\000n\000t\000e\000r\000\040\000G\000e\000n\000e\000r\000a\000t\000o\000r\000\040\000\050\000g\000c\000m\000\137\000c\000t\000r\000\137\000g\000e\000n\000\051}{section.4}% 23
\BOOKMARK [2][-]{subsection.4.9}{\376\377\000G\000H\000A\000S\000H\000\040\000C\000o\000r\000e\000\040\000\050\000g\000h\000a\000s\000h\000\137\000c\000o\000r\000e\000\051}{section.4}% 24
\BOOKMARK [2][-]{subsection.4.10}{\376\377\000G\000C\000M\000\040\000O\000r\000c\000h\000e\000s\000t\000r\000a\000t\000o\000r\000\040\000\050\000g\000c\000m\000\137\000o\000r\000c\000h\000e\000s\000t\000r\000a\000t\000o\000r\000\051}{section.4}% 25
\BOOKMARK [2][-]{subsection.4.11}{\376\377\000H\000a\000n\000d\000s\000h\000a\000k\000e\000\040\000P\000r\000o\000t\000o\000c\000o\000l}{section.4}% 26
\BOOKMARK [1][-]{section.5}{\376\377\000A\000E\000S\000\040\000I\000n\000t\000e\000r\000n\000a\000l\000\040\000T\000r\000a\000n\000s\000f\000o\000r\000m\000a\000t\000i\000o\000n\000s}{}% 27
\BOOKMARK [2][-]{subsection.5.1}{\376\377\000F\000i\000e\000l\000d\000\040\000A\000r\000i\000t\000h\000m\000e\000t\000i\000c\000\040\000i\000n\000\040\000G\000F\000\050\0002\0008\000\051}{section.5}% 28
\BOOKMARK [2][-]{subsection.5.2}{\376\377\000S\000u\000b\000B\000y\000t\000e\000s}{section.5}% 29
\BOOKMARK [2][-]{subsection.5.3}{\376\377\000S\000h\000i\000f\000t\000R\000o\000w\000s}{section.5}% 30
\BOOKMARK [2][-]{subsection.5.4}{\376\377\000M\000i\000x\000C\000o\000l\000u\000m\000n\000s}{section.5}% 31
\BOOKMARK [2][-]{subsection.5.5}{\376\377\000K\000e\000y\000\040\000E\000x\000p\000a\000n\000s\000i\000o\000n\000\040\000\050\000A\000E\000S\000-\0001\0002\0008\000\040\000R\000c\000o\000n\000\051}{section.5}% 32
\BOOKMARK [2][-]{subsection.5.6}{\376\377\000I\000n\000v\000e\000r\000s\000e\000\040\000T\000r\000a\000n\000s\000f\000o\000r\000m\000a\000t\000i\000o\000n\000s}{section.5}% 33
\BOOKMARK [2][-]{subsection.5.7}{\376\377\000L\000o\000o\000k\000u\000p\000-\000T\000a\000b\000l\000e\000\040\000v\000e\000r\000s\000u\000s\000\040\000C\000o\000m\000b\000i\000n\000a\000t\000i\000o\000n\000a\000l\000\040\000I\000m\000p\000l\000e\000m\000e\000n\000t\000a\000t\000i\000o\000n\000s}{section.5}% 34
\BOOKMARK [1][-]{section.6}{\376\377\000V\000e\000r\000i\000f\000i\000c\000a\000t\000i\000o\000n\000\040\000A\000r\000c\000h\000i\000t\000e\000c\000t\000u\000r\000e}{}% 35
\BOOKMARK [2][-]{subsection.6.1}{\376\377\000S\000t\000r\000a\000t\000e\000g\000y}{section.6}% 36
\BOOKMARK [2][-]{subsection.6.2}{\376\377\000C\000o\000m\000p\000o\000n\000e\000n\000t\000\040\000H\000i\000e\000r\000a\000r\000c\000h\000y}{section.6}% 37
\BOOKMARK [2][-]{subsection.6.3}{\376\377\000D\000r\000i\000v\000e\000r\000\040\000I\000n\000t\000e\000r\000n\000a\000l\000s}{section.6}% 38
\BOOKMARK [2][-]{subsection.6.4}{\376\377\000M\000o\000n\000i\000t\000o\000r\000\040\000I\000n\000t\000e\000r\000n\000a\000l\000s}{section.6}% 39
\BOOKMARK [2][-]{subsection.6.5}{\376\377\000S\000c\000o\000r\000e\000b\000o\000a\000r\000d\000\040\000M\000e\000t\000h\000o\000d\000o\000l\000o\000g\000y}{section.6}% 40
\BOOKMARK [2][-]{subsection.6.6}{\376\377\000R\000e\000f\000e\000r\000e\000n\000c\000e\000\040\000M\000o\000d\000e\000l\000s}{section.6}% 41
\BOOKMARK [2][-]{subsection.6.7}{\376\377\000C\000o\000n\000s\000t\000r\000a\000i\000n\000e\000d\000-\000R\000a\000n\000d\000o\000m\000\040\000M\000e\000t\000h\000o\000d\000o\000l\000o\000g\000y}{section.6}% 42
\BOOKMARK [2][-]{subsection.6.8}{\376\377\000D\000i\000r\000e\000c\000t\000e\000d\000\040\000a\000n\000d\000\040\000E\000r\000r\000o\000r\000-\000I\000n\000j\000e\000c\000t\000i\000o\000n\000\040\000T\000e\000s\000t\000s}{section.6}% 43
\BOOKMARK [2][-]{subsection.6.9}{\376\377\000R\000e\000u\000s\000a\000b\000i\000l\000i\000t\000y}{section.6}% 44
\BOOKMARK [1][-]{section.7}{\376\377\000F\000u\000n\000c\000t\000i\000o\000n\000a\000l\000\040\000C\000o\000v\000e\000r\000a\000g\000e}{}% 45
\BOOKMARK [2][-]{subsection.7.1}{\376\377\000C\000o\000v\000e\000r\000g\000r\000o\000u\000p\000\040\000I\000n\000v\000e\000n\000t\000o\000r\000y}{section.7}% 46
\BOOKMARK [2][-]{subsection.7.2}{\376\377\000C\000r\000o\000s\000s\000\040\000C\000o\000v\000e\000r\000a\000g\000e}{section.7}% 47
\BOOKMARK [2][-]{subsection.7.3}{\376\377\000F\000S\000M\000\040\000C\000o\000v\000e\000r\000a\000g\000e}{section.7}% 48
\BOOKMARK [2][-]{subsection.7.4}{\376\377\000C\000l\000o\000s\000u\000r\000e\000\040\000S\000t\000r\000a\000t\000e\000g\000y}{section.7}% 49
\BOOKMARK [1][-]{section.8}{\376\377\000A\000s\000s\000e\000r\000t\000i\000o\000n\000s\000\040\000a\000n\000d\000\040\000P\000r\000o\000t\000o\000c\000o\000l\000\040\000C\000h\000e\000c\000k\000i\000n\000g}{}% 50
\BOOKMARK [2][-]{subsection.8.1}{\376\377\000D\000e\000s\000i\000g\000n\000\040\000P\000h\000i\000l\000o\000s\000o\000p\000h\000y}{section.8}% 51
\BOOKMARK [2][-]{subsection.8.2}{\376\377\000A\000s\000s\000e\000r\000t\000i\000o\000n\000\040\000C\000a\000t\000a\000l\000o\000g\000u\000e}{section.8}% 52
\BOOKMARK [2][-]{subsection.8.3}{\376\377\000X\000/\000Z\000-\000P\000r\000o\000p\000a\000g\000a\000t\000i\000o\000n\000\040\000P\000r\000e\000v\000e\000n\000t\000i\000o\000n}{section.8}% 53
\BOOKMARK [2][-]{subsection.8.4}{\376\377\000R\000e\000s\000e\000t\000\040\000A\000s\000s\000e\000r\000t\000i\000o\000n\000s}{section.8}% 54
\BOOKMARK [1][-]{section.9}{\376\377\000S\000i\000m\000u\000l\000a\000t\000i\000o\000n\000\040\000a\000n\000d\000\040\000D\000e\000b\000u\000g}{}% 55
\BOOKMARK [2][-]{subsection.9.1}{\376\377\000S\000i\000m\000u\000l\000a\000t\000o\000r\000\040\000S\000e\000t\000u\000p}{section.9}% 56
\BOOKMARK [2][-]{subsection.9.2}{\376\377\000C\000o\000m\000p\000i\000l\000e\000\040\000O\000r\000d\000e\000r}{section.9}% 57
\BOOKMARK [2][-]{subsection.9.3}{\376\377\000T\000C\000L\000\040\000A\000u\000t\000o\000m\000a\000t\000i\000o\000n}{section.9}% 58
\BOOKMARK [2][-]{subsection.9.4}{\376\377\000W\000a\000v\000e\000f\000o\000r\000m\000\040\000S\000t\000r\000a\000t\000e\000g\000y}{section.9}% 59
\BOOKMARK [2][-]{subsection.9.5}{\376\377\000C\000o\000m\000m\000o\000n\000\040\000R\000T\000L\000\040\000B\000u\000g\000\040\000P\000a\000t\000t\000e\000r\000n\000s}{section.9}% 60
\BOOKMARK [2][-]{subsection.9.6}{\376\377\000D\000e\000b\000u\000g\000\040\000O\000u\000t\000p\000u\000t\000\040\000F\000o\000r\000m\000a\000t}{section.9}% 61
\BOOKMARK [2][-]{subsection.9.7}{\376\377\000R\000e\000g\000r\000e\000s\000s\000i\000o\000n\000\040\000L\000o\000g\000\040\000I\000n\000t\000e\000r\000p\000r\000e\000t\000a\000t\000i\000o\000n}{section.9}% 62
\BOOKMARK [1][-]{section.10}{\376\377\000R\000e\000s\000u\000l\000t\000s\000\040\000a\000n\000d\000\040\000A\000n\000a\000l\000y\000s\000i\000s}{}% 63
\BOOKMARK [2][-]{subsection.10.1}{\376\377\000F\000u\000n\000c\000t\000i\000o\000n\000a\000l\000\040\000C\000o\000r\000r\000e\000c\000t\000n\000e\000s\000s}{section.10}% 64
\BOOKMARK [2][-]{subsection.10.2}{\376\377\000L\000a\000t\000e\000n\000c\000y}{section.10}% 65
\BOOKMARK [2][-]{subsection.10.3}{\376\377\000T\000h\000r\000o\000u\000g\000h\000p\000u\000t}{section.10}% 66
\BOOKMARK [2][-]{subsection.10.4}{\376\377\000C\000y\000c\000l\000e\000-\000b\000y\000-\000C\000y\000c\000l\000e\000\040\000B\000e\000h\000a\000v\000i\000o\000u\000r}{section.10}% 67
\BOOKMARK [2][-]{subsection.10.5}{\376\377\000B\000o\000t\000t\000l\000e\000n\000e\000c\000k\000\040\000A\000n\000a\000l\000y\000s\000i\000s}{section.10}% 68
\BOOKMARK [2][-]{subsection.10.6}{\376\377\000C\000o\000v\000e\000r\000a\000g\000e\000\040\000R\000e\000s\000u\000l\000t\000s}{section.10}% 69
\BOOKMARK [2][-]{subsection.10.7}{\376\377\000S\000c\000a\000l\000a\000b\000i\000l\000i\000t\000y\000\040\000O\000b\000s\000e\000r\000v\000a\000t\000i\000o\000n\000s}{section.10}% 70
\BOOKMARK [1][-]{section.11}{\376\377\000S\000y\000n\000t\000h\000e\000s\000i\000s\000\040\000a\000n\000d\000\040\000F\000P\000G\000A\000\040\000R\000e\000a\000d\000i\000n\000e\000s\000s}{}% 71
\BOOKMARK [2][-]{subsection.11.1}{\376\377\000S\000y\000n\000t\000h\000e\000s\000i\000s\000\040\000C\000o\000n\000s\000i\000d\000e\000r\000a\000t\000i\000o\000n\000s}{section.11}% 72
\BOOKMARK [2][-]{subsection.11.2}{\376\377\000T\000i\000m\000i\000n\000g\000\040\000C\000l\000o\000s\000u\000r\000e}{section.11}% 73
\BOOKMARK [2][-]{subsection.11.3}{\376\377\000R\000e\000s\000o\000u\000r\000c\000e\000\040\000U\000t\000i\000l\000i\000s\000a\000t\000i\000o\000n\000\040\000P\000r\000o\000j\000e\000c\000t\000i\000o\000n}{section.11}% 74
\BOOKMARK [2][-]{subsection.11.4}{\376\377\000A\000X\000I\000\040\000/\000\040\000S\000o\000C\000\040\000I\000n\000t\000e\000g\000r\000a\000t\000i\000o\000n}{section.11}% 75
\BOOKMARK [2][-]{subsection.11.5}{\376\377\000P\000o\000w\000e\000r\000\040\000O\000p\000t\000i\000m\000i\000s\000a\000t\000i\000o\000n}{section.11}% 76
\BOOKMARK [1][-]{section.12}{\376\377\000C\000h\000a\000l\000l\000e\000n\000g\000e\000s\000\040\000a\000n\000d\000\040\000D\000e\000b\000u\000g\000g\000i\000n\000g\000\040\000C\000a\000s\000e\000\040\000S\000t\000u\000d\000i\000e\000s}{}% 77
\BOOKMARK [2][-]{subsection.12.1}{\376\377\000B\000U\000G\000-\000R\0001\000:\000\040\000C\000o\000m\000p\000i\000l\000e\000-\000B\000l\000o\000c\000k\000i\000n\000g\000\040\000P\000o\000r\000t\000\040\000M\000i\000s\000m\000a\000t\000c\000h}{section.12}% 78
\BOOKMARK [2][-]{subsection.12.2}{\376\377\000B\000U\000G\000-\000R\0002\000:\000\040\000M\000e\000t\000a\000d\000a\000t\000a\000\040\000F\000I\000F\000O\000\040\000O\000w\000n\000e\000r\000s\000h\000i\000p\000\040\000C\000o\000r\000r\000u\000p\000t\000i\000o\000n}{section.12}% 79
\BOOKMARK [2][-]{subsection.12.3}{\376\377\000B\000U\000G\000-\000R\0003\000:\000\040\000G\000C\000M\000\040\000A\000A\000D\000\040\000N\000e\000v\000e\000r\000\040\000A\000b\000s\000o\000r\000b\000e\000d}{section.12}% 80
\BOOKMARK [2][-]{subsection.12.4}{\376\377\000B\000U\000G\000-\000R\0004\000:\000\040\000Z\000e\000r\000o\000\040\000L\000e\000n\000g\000t\000h\000\040\000B\000l\000o\000c\000k\000\040\000a\000n\000d\000\040\000F\000r\000a\000g\000i\000l\000e\000\040\000p\000a\000y\000l\000o\000a\000d\000\137\000d\000o\000n\000e}{section.12}% 81
\BOOKMARK [2][-]{subsection.12.5}{\376\377\000O\000t\000h\000e\000r\000\040\000D\000e\000b\000u\000g\000g\000i\000n\000g\000\040\000P\000a\000t\000t\000e\000r\000n\000s\000\040\000O\000b\000s\000e\000r\000v\000e\000d}{section.12}% 82
\BOOKMARK [1][-]{section.13}{\376\377\000F\000u\000t\000u\000r\000e\000\040\000W\000o\000r\000k}{}% 83
\BOOKMARK [1][-]{section.14}{\376\377\000C\000o\000n\000c\000l\000u\000s\000i\000o\000n}{}% 84
\BOOKMARK [1][-]{section*.1}{\376\377\000R\000e\000f\000e\000r\000e\000n\000c\000e\000s}{}% 85
\BOOKMARK [1][-]{section*.2}{\376\377\000A\000p\000p\000e\000n\000d\000i\000x\000\040\000A\000:\000\040\000S\000e\000l\000e\000c\000t\000e\000d\000\040\000R\000T\000L\000\040\000S\000n\000i\000p\000p\000e\000t\000s}{}% 86
\BOOKMARK [2][-]{subsection.Appendix.A.1}{\376\377\000M\000e\000t\000a\000d\000a\000t\000a\000\040\000F\000I\000F\000O\000\040\000P\000u\000s\000h\000/\000P\000o\000p\000\040\000\050\000a\000e\000s\000\137\000m\000o\000d\000e\000\137\000d\000a\000t\000a\000p\000a\000t\000h\000.\000s\000v\000\051}{section*.2}% 87
\BOOKMARK [2][-]{subsection.Appendix.A.2}{\376\377\000G\000C\000M\000\040\000O\000r\000c\000h\000e\000s\000t\000r\000a\000t\000o\000r\000\040\000F\000S\000M\000\040\000\050\000g\000c\000m\000\137\000o\000r\000c\000h\000e\000s\000t\000r\000a\000t\000o\000r\000.\000s\000v\000\051}{section*.2}% 88
\BOOKMARK [1][-]{section*.3}{\376\377\000A\000p\000p\000e\000n\000d\000i\000x\000\040\000B\000:\000\040\000S\000e\000l\000e\000c\000t\000e\000d\000\040\000T\000e\000s\000t\000b\000e\000n\000c\000h\000\040\000C\000l\000a\000s\000s\000\040\000S\000n\000i\000p\000p\000e\000t\000s}{}% 89
\BOOKMARK [2][-]{subsection.Appendix.B.1}{\376\377\000a\000e\000s\000\137\000t\000r\000a\000n\000s\000a\000c\000t\000i\000o\000n\000\040\000\050\000C\000o\000n\000s\000t\000r\000a\000i\000n\000e\000d\000\040\000R\000a\000n\000d\000o\000m\000\051}{section*.3}% 90
\BOOKMARK [2][-]{subsection.Appendix.B.2}{\376\377\000a\000e\000s\000\137\000d\000r\000i\000v\000e\000r\000\040\000C\000o\000r\000e\000\040\000L\000o\000o\000p}{section*.3}% 91
\BOOKMARK [2][-]{subsection.Appendix.B.3}{\376\377\000a\000e\000s\000\137\000s\000c\000o\000r\000e\000b\000o\000a\000r\000d\000\040\000M\000i\000s\000m\000a\000t\000c\000h\000\040\000P\000r\000i\000n\000t\000e\000r\000\040\000H\000o\000o\000k}{section*.3}% 92
\BOOKMARK [1][-]{section*.4}{\376\377\000A\000p\000p\000e\000n\000d\000i\000x\000\040\000C\000:\000\040\000U\000V\000M\000\040\000E\000q\000u\000i\000v\000a\000l\000e\000n\000c\000e}{}% 93
\BOOKMARK [1][-]{section*.5}{\376\377\000A\000p\000p\000e\000n\000d\000i\000x\000\040\000D\000:\000\040\000A\000s\000s\000e\000r\000t\000i\000o\000n\000\040\000C\000a\000t\000a\000l\000o\000g\000u\000e}{}% 94
\BOOKMARK [1][-]{section*.6}{\376\377\000A\000p\000p\000e\000n\000d\000i\000x\000\040\000E\000:\000\040\000C\000o\000v\000e\000r\000a\000g\000e\000\040\000R\000e\000p\000o\000r\000t\000\040\000T\000e\000m\000p\000l\000a\000t\000e}{}% 95
