This is pdfTeX, Version 3.141592653-2.6-1.40.29 (MiKTeX 26.2) (preloaded format=pdflatex 2026.5.11)  11 MAY 2026 17:50
entering extended mode
 restricted \write18 enabled.
 %&-line parsing enabled.
**./aes_report.tex
(aes_report.tex
LaTeX2e <2025-11-01>
L3 programming layer <2026-03-20>
(C:\Users\LENOVO\AppData\Local\Programs\MiKTeX\tex/latex/ieeetran\IEEEtran.cls
Document Class: IEEEtran 2015/08/26 V1.8b by Michael Shell
-- See the "IEEEtran_HOWTO" manual for usage information.
-- http://www.michaelshell.org/tex/ieeetran/
\@IEEEtrantmpdimenA=\dimen150
\@IEEEtrantmpdimenB=\dimen151
\@IEEEtrantmpdimenC=\dimen152
\@IEEEtrantmpcountA=\count275
\@IEEEtrantmpcountB=\count276
\@IEEEtrantmpcountC=\count277
\@IEEEtrantmptoksA=\toks17
LaTeX Font Info:    Trying to load font information for OT1+ptm on input line 5
03.
(C:\Users\LENOVO\AppData\Local\Programs\MiKTeX\tex/latex/psnfss\ot1ptm.fd
File: ot1ptm.fd 2001/06/04 font definitions for OT1/ptm.
)
-- Using 210mm x 297mm (a4) paper.
-- Using PDF output.
\@IEEEnormalsizeunitybaselineskip=\dimen153
-- This is a 10 point document.
LaTeX Encoding Info:    Redeclaring text command \textunderscore (encoding ?) o
n input line 937.
\CLASSINFOnormalsizebaselineskip=\dimen154
\CLASSINFOnormalsizeunitybaselineskip=\dimen155
\IEEEnormaljot=\dimen156
LaTeX Font Info:    Font shape `OT1/ptm/bx/n' in size <5> not available
(Font)              Font shape `OT1/ptm/b/n' tried instead on input line 1090.
LaTeX Font Info:    Font shape `OT1/ptm/bx/it' in size <5> not available
(Font)              Font shape `OT1/ptm/b/it' tried instead on input line 1090.

LaTeX Font Info:    Font shape `OT1/ptm/bx/n' in size <7> not available
(Font)              Font shape `OT1/ptm/b/n' tried instead on input line 1090.
LaTeX Font Info:    Font shape `OT1/ptm/bx/it' in size <7> not available
(Font)              Font shape `OT1/ptm/b/it' tried instead on input line 1090.

LaTeX Font Info:    Font shape `OT1/ptm/bx/n' in size <8> not available
(Font)              Font shape `OT1/ptm/b/n' tried instead on input line 1090.
LaTeX Font Info:    Font shape `OT1/ptm/bx/it' in size <8> not available
(Font)              Font shape `OT1/ptm/b/it' tried instead on input line 1090.

LaTeX Font Info:    Font shape `OT1/ptm/bx/n' in size <9> not available
(Font)              Font shape `OT1/ptm/b/n' tried instead on input line 1090.
LaTeX Font Info:    Font shape `OT1/ptm/bx/it' in size <9> not available
(Font)              Font shape `OT1/ptm/b/it' tried instead on input line 1090.

LaTeX Font Info:    Font shape `OT1/ptm/bx/n' in size <10> not available
(Font)              Font shape `OT1/ptm/b/n' tried instead on input line 1090.
LaTeX Font Info:    Font shape `OT1/ptm/bx/it' in size <10> not available
(Font)              Font shape `OT1/ptm/b/it' tried instead on input line 1090.

LaTeX Font Info:    Font shape `OT1/ptm/bx/n' in size <11> not available
(Font)              Font shape `OT1/ptm/b/n' tried instead on input line 1090.
LaTeX Font Info:    Font shape `OT1/ptm/bx/it' in size <11> not available
(Font)              Font shape `OT1/ptm/b/it' tried instead on input line 1090.

LaTeX Font Info:    Font shape `OT1/ptm/bx/n' in size <12> not available
(Font)              Font shape `OT1/ptm/b/n' tried instead on input line 1090.
LaTeX Font Info:    Font shape `OT1/ptm/bx/it' in size <12> not available
(Font)              Font shape `OT1/ptm/b/it' tried instead on input line 1090.

LaTeX Font Info:    Font shape `OT1/ptm/bx/n' in size <17> not available
(Font)              Font shape `OT1/ptm/b/n' tried instead on input line 1090.
LaTeX Font Info:    Font shape `OT1/ptm/bx/it' in size <17> not available
(Font)              Font shape `OT1/ptm/b/it' tried instead on input line 1090.

LaTeX Font Info:    Font shape `OT1/ptm/bx/n' in size <20> not available
(Font)              Font shape `OT1/ptm/b/n' tried instead on input line 1090.
LaTeX Font Info:    Font shape `OT1/ptm/bx/it' in size <20> not available
(Font)              Font shape `OT1/ptm/b/it' tried instead on input line 1090.

LaTeX Font Info:    Font shape `OT1/ptm/bx/n' in size <24> not available
(Font)              Font shape `OT1/ptm/b/n' tried instead on input line 1090.
LaTeX Font Info:    Font shape `OT1/ptm/bx/it' in size <24> not available
(Font)              Font shape `OT1/ptm/b/it' tried instead on input line 1090.

\IEEEquantizedlength=\dimen157
\IEEEquantizedlengthdiff=\dimen158
\IEEEquantizedtextheightdiff=\dimen159
\IEEEilabelindentA=\dimen160
\IEEEilabelindentB=\dimen161
\IEEEilabelindent=\dimen162
\IEEEelabelindent=\dimen163
\IEEEdlabelindent=\dimen164
\IEEElabelindent=\dimen165
\IEEEiednormlabelsep=\dimen166
\IEEEiedmathlabelsep=\dimen167
\IEEEiedtopsep=\skip49
\c@section=\count278
\c@subsection=\count279
\c@subsubsection=\count280
\c@paragraph=\count281
\c@IEEEsubequation=\count282
\abovecaptionskip=\skip50
\belowcaptionskip=\skip51
\c@figure=\count283
\c@table=\count284
\@IEEEeqnnumcols=\count285
\@IEEEeqncolcnt=\count286
\@IEEEsubeqnnumrollback=\count287
\@IEEEquantizeheightA=\dimen168
\@IEEEquantizeheightB=\dimen169
\@IEEEquantizeheightC=\dimen170
\@IEEEquantizeprevdepth=\dimen171
\@IEEEquantizemultiple=\count288
\@IEEEquantizeboxA=\box53
\@IEEEtmpitemindent=\dimen172
\IEEEPARstartletwidth=\dimen173
\c@IEEEbiography=\count289
\@IEEEtranrubishbin=\box54
) (C:\Users\LENOVO\AppData\Local\Programs\MiKTeX\tex/latex/base\inputenc.sty
Package: inputenc 2024/02/08 v1.3d Input encoding file
\inpenc@prehook=\toks18
\inpenc@posthook=\toks19
)
(C:\Users\LENOVO\AppData\Local\Programs\MiKTeX\tex/latex/base\fontenc.sty
Package: fontenc 2025/07/18 v2.1d Standard LaTeX package
LaTeX Font Info:    Trying to load font information for T1+ptm on input line 11
6.

(C:\Users\LENOVO\AppData\Local\Programs\MiKTeX\tex/latex/psnfss\t1ptm.fd
File: t1ptm.fd 2001/06/04 font definitions for T1/ptm.
))
(C:\Users\LENOVO\AppData\Local\Programs\MiKTeX\tex/latex/lm\lmodern.sty
Package: lmodern 2015/05/01 v1.6.1 Latin Modern Fonts
LaTeX Font Info:    Overwriting symbol font `operators' in version `normal'
(Font)                  OT1/cmr/m/n --> OT1/lmr/m/n on input line 22.
LaTeX Font Info:    Overwriting symbol font `letters' in version `normal'
(Font)                  OML/cmm/m/it --> OML/lmm/m/it on input line 23.
LaTeX Font Info:    Overwriting symbol font `symbols' in version `normal'
(Font)                  OMS/cmsy/m/n --> OMS/lmsy/m/n on input line 24.
LaTeX Font Info:    Overwriting symbol font `largesymbols' in version `normal'
(Font)                  OMX/cmex/m/n --> OMX/lmex/m/n on input line 25.
LaTeX Font Info:    Overwriting symbol font `operators' in version `bold'
(Font)                  OT1/cmr/bx/n --> OT1/lmr/bx/n on input line 26.
LaTeX Font Info:    Overwriting symbol font `letters' in version `bold'
(Font)                  OML/cmm/b/it --> OML/lmm/b/it on input line 27.
LaTeX Font Info:    Overwriting symbol font `symbols' in version `bold'
(Font)                  OMS/cmsy/b/n --> OMS/lmsy/b/n on input line 28.
LaTeX Font Info:    Overwriting symbol font `largesymbols' in version `bold'
(Font)                  OMX/cmex/m/n --> OMX/lmex/m/n on input line 29.
LaTeX Font Info:    Overwriting math alphabet `\mathbf' in version `normal'
(Font)                  OT1/cmr/bx/n --> OT1/lmr/bx/n on input line 31.
LaTeX Font Info:    Overwriting math alphabet `\mathsf' in version `normal'
(Font)                  OT1/cmss/m/n --> OT1/lmss/m/n on input line 32.
LaTeX Font Info:    Overwriting math alphabet `\mathit' in version `normal'
(Font)                  OT1/cmr/m/it --> OT1/lmr/m/it on input line 33.
LaTeX Font Info:    Overwriting math alphabet `\mathtt' in version `normal'
(Font)                  OT1/cmtt/m/n --> OT1/lmtt/m/n on input line 34.
LaTeX Font Info:    Overwriting math alphabet `\mathbf' in version `bold'
(Font)                  OT1/cmr/bx/n --> OT1/lmr/bx/n on input line 35.
LaTeX Font Info:    Overwriting math alphabet `\mathsf' in version `bold'
(Font)                  OT1/cmss/bx/n --> OT1/lmss/bx/n on input line 36.
LaTeX Font Info:    Overwriting math alphabet `\mathit' in version `bold'
(Font)                  OT1/cmr/bx/it --> OT1/lmr/bx/it on input line 37.
LaTeX Font Info:    Overwriting math alphabet `\mathtt' in version `bold'
(Font)                  OT1/cmtt/m/n --> OT1/lmtt/m/n on input line 38.
)
(C:\Users\LENOVO\AppData\Local\Programs\MiKTeX\tex/latex/microtype\microtype.st
y
Package: microtype 2026/03/01 v3.2d Micro-typographical refinements (RS)
 (C:\Users\LENOVO\AppData\Local\Programs\MiKTeX\tex/latex/graphics\keyval.sty
Package: keyval 2022/05/29 v1.15 key=value parser (DPC)
\KV@toks@=\toks20
) (C:\Users\LENOVO\AppData\Local\Programs\MiKTeX\tex/latex/etoolbox\etoolbox.st
y
Package: etoolbox 2025/10/02 v2.5m e-TeX tools for LaTeX (JAW)
\etb@tempcnta=\count290
)
\MT@toks=\toks21
\MT@tempbox=\box55
\MT@count=\count291
LaTeX Info: Redefining \noprotrusionifhmode on input line 1084.
LaTeX Info: Redefining \leftprotrusion on input line 1085.
\MT@prot@toks=\toks22
LaTeX Info: Redefining \rightprotrusion on input line 1104.
LaTeX Info: Redefining \textls on input line 1449.
\MT@outer@kern=\dimen174
LaTeX Info: Redefining \microtypecontext on input line 2053.
LaTeX Info: Redefining \textmicrotypecontext on input line 2070.
\MT@listname@count=\count292

(C:\Users\LENOVO\AppData\Local\Programs\MiKTeX\tex/latex/microtype\microtype-pd
ftex.def
File: microtype-pdftex.def 2026/03/01 v3.2d Definitions specific to pdftex (RS)

LaTeX Info: Redefining \lsstyle on input line 944.
LaTeX Info: Redefining \lslig on input line 944.
\MT@outer@space=\skip52
)
Package microtype Info: Loading configuration file microtype.cfg.

(C:\Users\LENOVO\AppData\Local\Programs\MiKTeX\tex/latex/microtype\microtype.cf
g
File: microtype.cfg 2026/03/01 v3.2d microtype main configuration file (RS)
)
LaTeX Info: Redefining \microtypesetup on input line 3065.
)
(C:\Users\LENOVO\AppData\Local\Programs\MiKTeX\tex/latex/amsmath\amsmath.sty
Package: amsmath 2025/07/09 v2.17z AMS math features
\@mathmargin=\skip53

For additional information on amsmath, use the `?' option.
(C:\Users\LENOVO\AppData\Local\Programs\MiKTeX\tex/latex/amsmath\amstext.sty
Package: amstext 2024/11/17 v2.01 AMS text

(C:\Users\LENOVO\AppData\Local\Programs\MiKTeX\tex/latex/amsmath\amsgen.sty
File: amsgen.sty 1999/11/30 v2.0 generic functions
\@emptytoks=\toks23
\ex@=\dimen175
))
(C:\Users\LENOVO\AppData\Local\Programs\MiKTeX\tex/latex/amsmath\amsbsy.sty
Package: amsbsy 1999/11/29 v1.2d Bold Symbols
\pmbraise@=\dimen176
)
(C:\Users\LENOVO\AppData\Local\Programs\MiKTeX\tex/latex/amsmath\amsopn.sty
Package: amsopn 2022/04/08 v2.04 operator names
)
\inf@bad=\count293
LaTeX Info: Redefining \frac on input line 233.
\uproot@=\count294
\leftroot@=\count295
LaTeX Info: Redefining \overline on input line 398.
LaTeX Info: Redefining \colon on input line 409.
\classnum@=\count296
\DOTSCASE@=\count297
LaTeX Info: Redefining \ldots on input line 495.
LaTeX Info: Redefining \dots on input line 498.
LaTeX Info: Redefining \cdots on input line 619.
\Mathstrutbox@=\box56
\strutbox@=\box57
LaTeX Info: Redefining \big on input line 721.
LaTeX Info: Redefining \Big on input line 722.
LaTeX Info: Redefining \bigg on input line 723.
LaTeX Info: Redefining \Bigg on input line 724.
\big@size=\dimen177
LaTeX Font Info:    Redeclaring font encoding OML on input line 742.
LaTeX Font Info:    Redeclaring font encoding OMS on input line 743.
\macc@depth=\count298
LaTeX Info: Redefining \bmod on input line 904.
LaTeX Info: Redefining \pmod on input line 909.
LaTeX Info: Redefining \smash on input line 939.
LaTeX Info: Redefining \relbar on input line 969.
LaTeX Info: Redefining \Relbar on input line 970.
\c@MaxMatrixCols=\count299
\dotsspace@=\muskip17
\c@parentequation=\count300
\dspbrk@lvl=\count301
\tag@help=\toks24
\row@=\count302
\column@=\count303
\maxfields@=\count304
\andhelp@=\toks25
\eqnshift@=\dimen178
\alignsep@=\dimen179
\tagshift@=\dimen180
\tagwidth@=\dimen181
\totwidth@=\dimen182
\lineht@=\dimen183
\@envbody=\toks26
\multlinegap=\skip54
\multlinetaggap=\skip55
\mathdisplay@stack=\toks27
LaTeX Info: Redefining \[ on input line 2950.
LaTeX Info: Redefining \] on input line 2951.
)
(C:\Users\LENOVO\AppData\Local\Programs\MiKTeX\tex/latex/amsfonts\amssymb.sty
Package: amssymb 2013/01/14 v3.01 AMS font symbols

(C:\Users\LENOVO\AppData\Local\Programs\MiKTeX\tex/latex/amsfonts\amsfonts.sty
Package: amsfonts 2013/01/14 v3.01 Basic AMSFonts support
\symAMSa=\mathgroup4
\symAMSb=\mathgroup5
LaTeX Font Info:    Redeclaring math symbol \hbar on input line 98.
LaTeX Font Info:    Overwriting math alphabet `\mathfrak' in version `bold'
(Font)                  U/euf/m/n --> U/euf/b/n on input line 106.
))
(C:\Users\LENOVO\AppData\Local\Programs\MiKTeX\tex/latex/graphics\graphicx.sty
Package: graphicx 2024/12/31 v1.2e Enhanced LaTeX Graphics (DPC,SPQR)

(C:\Users\LENOVO\AppData\Local\Programs\MiKTeX\tex/latex/graphics\graphics.sty
Package: graphics 2024/08/06 v1.4g Standard LaTeX Graphics (DPC,SPQR)

(C:\Users\LENOVO\AppData\Local\Programs\MiKTeX\tex/latex/graphics\trig.sty
Package: trig 2023/12/02 v1.11 sin cos tan (DPC)
)
(C:\Users\LENOVO\AppData\Local\Programs\MiKTeX\tex/latex/graphics-cfg\graphics.
cfg
File: graphics.cfg 2016/06/04 v1.11 sample graphics configuration
)
Package graphics Info: Driver file: pdftex.def on input line 106.

(C:\Users\LENOVO\AppData\Local\Programs\MiKTeX\tex/latex/graphics-def\pdftex.de
f
File: pdftex.def 2025/09/29 v1.2d Graphics/color driver for pdftex
))
\Gin@req@height=\dimen184
\Gin@req@width=\dimen185
) (C:\Users\LENOVO\AppData\Local\Programs\MiKTeX\tex/latex/tools\array.sty
Package: array 2025/09/25 v2.6n Tabular extension package (FMi)
\col@sep=\dimen186
\ar@mcellbox=\box58
\extrarowheight=\dimen187
\NC@list=\toks28
\extratabsurround=\skip56
\backup@length=\skip57
\ar@cellbox=\box59
)
(C:\Users\LENOVO\AppData\Local\Programs\MiKTeX\tex/latex/booktabs\booktabs.sty
Package: booktabs 2020/01/12 v1.61803398 Publication quality tables
\heavyrulewidth=\dimen188
\lightrulewidth=\dimen189
\cmidrulewidth=\dimen190
\belowrulesep=\dimen191
\belowbottomsep=\dimen192
\aboverulesep=\dimen193
\abovetopsep=\dimen194
\cmidrulesep=\dimen195
\cmidrulekern=\dimen196
\defaultaddspace=\dimen197
\@cmidla=\count305
\@cmidlb=\count306
\@aboverulesep=\dimen198
\@belowrulesep=\dimen199
\@thisruleclass=\count307
\@lastruleclass=\count308
\@thisrulewidth=\dimen256
) (C:\Users\LENOVO\AppData\Local\Programs\MiKTeX\tex/latex/xcolor\xcolor.sty
Package: xcolor 2024/09/29 v3.02 LaTeX color extensions (UK)

(C:\Users\LENOVO\AppData\Local\Programs\MiKTeX\tex/latex/graphics-cfg\color.cfg
File: color.cfg 2016/01/02 v1.6 sample color configuration
)
Package xcolor Info: Driver file: pdftex.def on input line 274.

(C:\Users\LENOVO\AppData\Local\Programs\MiKTeX\tex/latex/graphics\mathcolor.ltx
)
Package xcolor Info: Model `cmy' substituted by `cmy0' on input line 1349.
Package xcolor Info: Model `hsb' substituted by `rgb' on input line 1353.
Package xcolor Info: Model `RGB' extended on input line 1365.
Package xcolor Info: Model `HTML' substituted by `rgb' on input line 1367.
Package xcolor Info: Model `Hsb' substituted by `hsb' on input line 1368.
Package xcolor Info: Model `tHsb' substituted by `hsb' on input line 1369.
Package xcolor Info: Model `HSB' substituted by `hsb' on input line 1370.
Package xcolor Info: Model `Gray' substituted by `gray' on input line 1371.
Package xcolor Info: Model `wave' substituted by `hsb' on input line 1372.
)
(C:\Users\LENOVO\AppData\Local\Programs\MiKTeX\tex/latex/listings\listings.sty
\lst@mode=\count309
\lst@gtempboxa=\box60
\lst@token=\toks29
\lst@length=\count310
\lst@currlwidth=\dimen257
\lst@column=\count311
\lst@pos=\count312
\lst@lostspace=\dimen258
\lst@width=\dimen259
\lst@newlines=\count313
\lst@lineno=\count314
\lst@maxwidth=\dimen260

(C:\Users\LENOVO\AppData\Local\Programs\MiKTeX\tex/latex/listings\lstpatch.sty
File: lstpatch.sty 2025/11/14 1.11b (Carsten Heinz)
) (C:\Users\LENOVO\AppData\Local\Programs\MiKTeX\tex/latex/listings\lstmisc.sty
File: lstmisc.sty 2025/11/14 1.11b (Carsten Heinz)
\c@lstnumber=\count315
\lst@skipnumbers=\count316
\lst@framebox=\box61
) (C:\Users\LENOVO\AppData\Local\Programs\MiKTeX\tex/latex/listings\listings.cf
g
File: listings.cfg 2025/11/14 1.11b listings configuration
))
Package: listings 2025/11/14 1.11b (Carsten Heinz)

==> First Aid for listings.sty no longer applied!
    Expected:
        2024/09/23 1.10c (Carsten Heinz)
    but found:
        2025/11/14 1.11b (Carsten Heinz)
    so I'm assuming it got fixed.
(C:\Users\LENOVO\AppData\Local\Programs\MiKTeX\tex/latex/hyperref\hyperref.sty
Package: hyperref 2026-04-24 v7.01q Hypertext links for LaTeX

(C:\Users\LENOVO\AppData\Local\Programs\MiKTeX\tex/generic/iftex\iftex.sty
Package: iftex 2024/12/12 v1.0g TeX engine tests
)
(C:\Users\LENOVO\AppData\Local\Programs\MiKTeX\tex/latex/kvsetkeys\kvsetkeys.st
y
Package: kvsetkeys 2022-10-05 v1.19 Key value parser (HO)
)
(C:\Users\LENOVO\AppData\Local\Programs\MiKTeX\tex/generic/kvdefinekeys\kvdefin
ekeys.sty
Package: kvdefinekeys 2019-12-19 v1.6 Define keys (HO)
)
(C:\Users\LENOVO\AppData\Local\Programs\MiKTeX\tex/generic/pdfescape\pdfescape.
sty
Package: pdfescape 2019/12/09 v1.15 Implements pdfTeX's escape features (HO)

(C:\Users\LENOVO\AppData\Local\Programs\MiKTeX\tex/generic/ltxcmds\ltxcmds.sty
Package: ltxcmds 2023-12-04 v1.26 LaTeX kernel commands for general use (HO)
)
(C:\Users\LENOVO\AppData\Local\Programs\MiKTeX\tex/generic/pdftexcmds\pdftexcmd
s.sty
Package: pdftexcmds 2020-06-27 v0.33 Utility functions of pdfTeX for LuaTeX (HO
)

(C:\Users\LENOVO\AppData\Local\Programs\MiKTeX\tex/generic/infwarerr\infwarerr.
sty
Package: infwarerr 2019/12/03 v1.5 Providing info/warning/error messages (HO)
)
Package pdftexcmds Info: \pdf@primitive is available.
Package pdftexcmds Info: \pdf@ifprimitive is available.
Package pdftexcmds Info: \pdfdraftmode found.
))
(C:\Users\LENOVO\AppData\Local\Programs\MiKTeX\tex/latex/hycolor\hycolor.sty
Package: hycolor 2020-01-27 v1.10 Color options for hyperref/bookmark (HO)
)
(C:\Users\LENOVO\AppData\Local\Programs\MiKTeX\tex/latex/hyperref\nameref.sty
Package: nameref 2026-01-29 v2.58 Cross-referencing by name of section

(C:\Users\LENOVO\AppData\Local\Programs\MiKTeX\tex/latex/refcount\refcount.sty
Package: refcount 2019/12/15 v3.6 Data extraction from label references (HO)
)
(C:\Users\LENOVO\AppData\Local\Programs\MiKTeX\tex/generic/gettitlestring\getti
tlestring.sty
Package: gettitlestring 2019/12/15 v1.6 Cleanup title references (HO)

(C:\Users\LENOVO\AppData\Local\Programs\MiKTeX\tex/latex/kvoptions\kvoptions.st
y
Package: kvoptions 2022-06-15 v3.15 Key value format for package options (HO)
))
\c@section@level=\count317
)
(C:\Users\LENOVO\AppData\Local\Programs\MiKTeX\tex/generic/stringenc\stringenc.
sty
Package: stringenc 2019/11/29 v1.12 Convert strings between diff. encodings (HO
)
)
\@linkdim=\dimen261
\Hy@linkcounter=\count318
\Hy@pagecounter=\count319

(C:\Users\LENOVO\AppData\Local\Programs\MiKTeX\tex/latex/hyperref\pd1enc.def
File: pd1enc.def 2026-04-24 v7.01q Hyperref: PDFDocEncoding definition (HO)
Now handling font encoding PD1 ...
... no UTF-8 mapping file for font encoding PD1
)
(C:\Users\LENOVO\AppData\Local\Programs\MiKTeX\tex/generic/intcalc\intcalc.sty
Package: intcalc 2019/12/15 v1.3 Expandable calculations with integers (HO)
)
\Hy@SavedSpaceFactor=\count320
(C:\Users\LENOVO\AppData\Local\Programs\MiKTeX\tex/latex/hyperref\puenc.def
File: puenc.def 2026-04-24 v7.01q Hyperref: PDF Unicode definition (HO)
Now handling font encoding PU ...
... no UTF-8 mapping file for font encoding PU
)
Package hyperref Info: Hyper figures OFF on input line 4199.
Package hyperref Info: Link nesting OFF on input line 4204.
Package hyperref Info: Hyper index ON on input line 4207.
Package hyperref Info: Plain pages OFF on input line 4214.
Package hyperref Info: Backreferencing OFF on input line 4219.
Package hyperref Info: Implicit mode ON; LaTeX internals redefined.
Package hyperref Info: Bookmarks ON on input line 4466.
\c@Hy@tempcnt=\count321

(C:\Users\LENOVO\AppData\Local\Programs\MiKTeX\tex/latex/url\url.sty
\Urlmuskip=\muskip18
Package: url 2013/09/16  ver 3.4  Verb mode for urls, etc.
)
LaTeX Info: Redefining \url on input line 4805.
\XeTeXLinkMargin=\dimen262

(C:\Users\LENOVO\AppData\Local\Programs\MiKTeX\tex/generic/bitset\bitset.sty
Package: bitset 2019/12/09 v1.3 Handle bit-vector datatype (HO)

(C:\Users\LENOVO\AppData\Local\Programs\MiKTeX\tex/generic/bigintcalc\bigintcal
c.sty
Package: bigintcalc 2019/12/15 v1.5 Expandable calculations on big integers (HO
)
))
\Fld@menulength=\count322
\Field@Width=\dimen263
\Fld@charsize=\dimen264
Package hyperref Info: Hyper figures OFF on input line 6091.
Package hyperref Info: Link nesting OFF on input line 6096.
Package hyperref Info: Hyper index ON on input line 6099.
Package hyperref Info: backreferencing OFF on input line 6106.
Package hyperref Info: Link coloring OFF on input line 6111.
Package hyperref Info: Link coloring with OCG OFF on input line 6116.
Package hyperref Info: PDF/A mode OFF on input line 6121.
\Hy@abspage=\count323
\c@Item=\count324
\c@Hfootnote=\count325
)
Package hyperref Info: Driver (autodetected): hpdftex.

(C:\Users\LENOVO\AppData\Local\Programs\MiKTeX\tex/latex/hyperref\hpdftex.def
File: hpdftex.def 2026-04-24 v7.01q Hyperref driver for pdfTeX
\Fld@listcount=\count326
\c@bookmark@seq@number=\count327

(C:\Users\LENOVO\AppData\Local\Programs\MiKTeX\tex/latex/rerunfilecheck\rerunfi
lecheck.sty
Package: rerunfilecheck 2025-06-21 v1.11 Rerun checks for auxiliary files (HO)

(C:\Users\LENOVO\AppData\Local\Programs\MiKTeX\tex/generic/uniquecounter\unique
counter.sty
Package: uniquecounter 2019/12/15 v1.4 Provide unlimited unique counter (HO)
)
Package uniquecounter Info: New unique counter `rerunfilecheck' on input line 2
84.
)
\Hy@SectionHShift=\skip58
)
(C:\Users\LENOVO\AppData\Local\Programs\MiKTeX\tex/latex/cite\cite.sty
LaTeX Info: Redefining \cite on input line 302.
LaTeX Info: Redefining \nocite on input line 332.
Package: cite 2015/02/27  v 5.5
)
(C:\Users\LENOVO\AppData\Local\Programs\MiKTeX\tex/latex/enumitem\enumitem.sty
Package: enumitem 2025/02/06 v3.11 Customized lists
\labelindent=\skip59
\enit@outerparindent=\dimen265
\enit@toks=\toks30
\enit@inbox=\box62
\enit@count@id=\count328
\enitdp@description=\count329
) (C:\Users\LENOVO\AppData\Local\Programs\MiKTeX\tex/latex/multirow\multirow.st
y
Package: multirow 2024/11/12 v2.9 Span multiple rows of a table
\multirow@colwidth=\skip60
\multirow@cntb=\count330
\multirow@dima=\skip61
\bigstrutjot=\dimen266
)
(C:\Users\LENOVO\AppData\Local\Programs\MiKTeX\tex/latex/algorithms\algorithm.s
ty
Package: algorithm 2009/08/24 v0.1 Document Style `algorithm' - floating enviro
nment
 (C:\Users\LENOVO\AppData\Local\Programs\MiKTeX\tex/latex/float\float.sty
Package: float 2001/11/08 v1.3d Float enhancements (AL)
\c@float@type=\count331
\float@exts=\toks31
\float@box=\box63
\@float@everytoks=\toks32
\@floatcapt=\box64
)
(C:\Users\LENOVO\AppData\Local\Programs\MiKTeX\tex/latex/base\ifthen.sty
Package: ifthen 2024/03/16 v1.1e Standard LaTeX ifthen package (DPC)
)
\@float@every@algorithm=\toks33
\c@algorithm=\count332
)
(C:\Users\LENOVO\AppData\Local\Programs\MiKTeX\tex/latex/algorithmicx\algpseudo
code.sty
Package: algpseudocode 

(C:\Users\LENOVO\AppData\Local\Programs\MiKTeX\tex/latex/algorithmicx\algorithm
icx.sty
Package: algorithmicx 2005/04/27 v1.2 Algorithmicx

Document Style algorithmicx 1.2 - a greatly improved `algorithmic' style
\c@ALG@line=\count333
\c@ALG@rem=\count334
\c@ALG@nested=\count335
\ALG@tlm=\skip62
\ALG@thistlm=\skip63
\c@ALG@Lnr=\count336
\c@ALG@blocknr=\count337
\c@ALG@storecount=\count338
\c@ALG@tmpcounter=\count339
\ALG@tmplength=\skip64
)
Document Style - pseudocode environments for use with the `algorithmicx' style
)
Package hyperref Info: Option `colorlinks' set `true' on input line 41.
LaTeX Font Info:    Trying to load font information for T1+lmr on input line 93
.
 (C:\Users\LENOVO\AppData\Local\Programs\MiKTeX\tex/latex/lm\t1lmr.fd
File: t1lmr.fd 2015/05/01 v1.6.1 Font defs for Latin Modern
)
(C:\Users\LENOVO\AppData\Local\Programs\MiKTeX\tex/latex/l3backend\l3backend-pd
ftex.def
File: l3backend-pdftex.def 2026-02-18 L3 backend support: PDF output (pdfTeX)
\l__color_backend_stack_int=\count340
) (aes_report.aux)
\openout1 = `aes_report.aux'.

LaTeX Font Info:    Checking defaults for OML/cmm/m/it on input line 93.
LaTeX Font Info:    ... okay on input line 93.
LaTeX Font Info:    Checking defaults for OMS/cmsy/m/n on input line 93.
LaTeX Font Info:    ... okay on input line 93.
LaTeX Font Info:    Checking defaults for OT1/cmr/m/n on input line 93.
LaTeX Font Info:    ... okay on input line 93.
LaTeX Font Info:    Checking defaults for T1/cmr/m/n on input line 93.
LaTeX Font Info:    ... okay on input line 93.
LaTeX Font Info:    Checking defaults for TS1/cmr/m/n on input line 93.
LaTeX Font Info:    ... okay on input line 93.
LaTeX Font Info:    Checking defaults for OMX/cmex/m/n on input line 93.
LaTeX Font Info:    ... okay on input line 93.
LaTeX Font Info:    Checking defaults for U/cmr/m/n on input line 93.
LaTeX Font Info:    ... okay on input line 93.
LaTeX Font Info:    Checking defaults for PD1/pdf/m/n on input line 93.
LaTeX Font Info:    ... okay on input line 93.
LaTeX Font Info:    Checking defaults for PU/pdf/m/n on input line 93.
LaTeX Font Info:    ... okay on input line 93.

-- Lines per column: 56 (exact).
LaTeX Info: Redefining \microtypecontext on input line 93.
Package microtype Info: Applying patch `item' on input line 93.
Package microtype Info: Applying patch `toc' on input line 93.
Package microtype Info: Applying patch `eqnum' on input line 93.
Package microtype Info: Applying patch `footnote' on input line 93.
Package microtype Info: Applying patch `verbatim' on input line 93.
LaTeX Info: Redefining \microtypesetup on input line 93.
Package microtype Info: Generating PDF output.
Package microtype Info: Character protrusion enabled (level 2).
Package microtype Info: Using default protrusion set `alltext'.
Package microtype Info: Automatic font expansion enabled (level 2),
(microtype)             stretch: 20, shrink: 20, step: 1, non-selected.
Package microtype Info: Using default expansion set `alltext-nott'.
Package microtype Info: Patching command `\showhyphens'.
Package microtype Info: No adjustment of tracking.
Package microtype Info: No adjustment of interword spacing.
Package microtype Info: No adjustment of character kerning.
(C:\Users\LENOVO\AppData\Local\Programs\MiKTeX\tex/latex/microtype\mt-cmr.cfg
File: mt-cmr.cfg 2013/05/19 v2.2 microtype config. file: Computer Modern Roman 
(RS)
)
(C:\Users\LENOVO\AppData\Local\Programs\MiKTeX\tex/context/base/mkii\supp-pdf.m
kii
[Loading MPS to PDF converter (version 2006.09.02).]
\scratchcounter=\count341
\scratchdimen=\dimen267
\scratchbox=\box65
\nofMPsegments=\count342
\nofMParguments=\count343
\everyMPshowfont=\toks34
\MPscratchCnt=\count344
\MPscratchDim=\dimen268
\MPnumerator=\count345
\makeMPintoPDFobject=\count346
\everyMPtoPDFconversion=\toks35
)
(C:\Users\LENOVO\AppData\Local\Programs\MiKTeX\tex/latex/epstopdf-pkg\epstopdf-
base.sty
Package: epstopdf-base 2020-01-24 v2.11 Base part for package epstopdf
Package epstopdf-base Info: Redefining graphics rule for `.eps' on input line 4
85.

(C:\Users\LENOVO\AppData\Local\Programs\MiKTeX\tex/latex/00miktex\epstopdf-sys.
cfg
File: epstopdf-sys.cfg 2021/03/18 v2.0 Configuration of epstopdf for MiKTeX
))
\c@lstlisting=\count347
Package hyperref Info: Link coloring ON on input line 93.
 (aes_report.out) (aes_report.out)
\@outlinefile=\write3
\openout3 = `aes_report.out'.

LaTeX Font Info:    Trying to load font information for OT1+lmr on input line 1
10.

(C:\Users\LENOVO\AppData\Local\Programs\MiKTeX\tex/latex/lm\ot1lmr.fd
File: ot1lmr.fd 2015/05/01 v1.6.1 Font defs for Latin Modern
)
LaTeX Font Info:    Trying to load font information for OML+lmm on input line 1
10.

(C:\Users\LENOVO\AppData\Local\Programs\MiKTeX\tex/latex/lm\omllmm.fd
File: omllmm.fd 2015/05/01 v1.6.1 Font defs for Latin Modern
)
LaTeX Font Info:    Trying to load font information for OMS+lmsy on input line 
110.

(C:\Users\LENOVO\AppData\Local\Programs\MiKTeX\tex/latex/lm\omslmsy.fd
File: omslmsy.fd 2015/05/01 v1.6.1 Font defs for Latin Modern
)
LaTeX Font Info:    Trying to load font information for OMX+lmex on input line 
110.

(C:\Users\LENOVO\AppData\Local\Programs\MiKTeX\tex/latex/lm\omxlmex.fd
File: omxlmex.fd 2015/05/01 v1.6.1 Font defs for Latin Modern
)
LaTeX Font Info:    External font `lmex10' loaded for size
(Font)              <9> on input line 110.
LaTeX Font Info:    External font `lmex10' loaded for size
(Font)              <6> on input line 110.
LaTeX Font Info:    External font `lmex10' loaded for size
(Font)              <5> on input line 110.
LaTeX Font Info:    Trying to load font information for U+msa on input line 110
.

(C:\Users\LENOVO\AppData\Local\Programs\MiKTeX\tex/latex/amsfonts\umsa.fd
File: umsa.fd 2013/01/14 v3.01 AMS symbols A
)
(C:\Users\LENOVO\AppData\Local\Programs\MiKTeX\tex/latex/microtype\mt-msa.cfg
File: mt-msa.cfg 2006/02/04 v1.1 microtype config. file: AMS symbols (a) (RS)
)
LaTeX Font Info:    Trying to load font information for U+msb on input line 110
.

(C:\Users\LENOVO\AppData\Local\Programs\MiKTeX\tex/latex/amsfonts\umsb.fd
File: umsb.fd 2013/01/14 v3.01 AMS symbols B
)
(C:\Users\LENOVO\AppData\Local\Programs\MiKTeX\tex/latex/microtype\mt-msb.cfg
File: mt-msb.cfg 2005/06/01 v1.0 microtype config. file: AMS symbols (b) (RS)
)
Package microtype Info: Character `029' is missing
(microtype)             in font `T1/lmr/m/sc/10'.
(microtype)             Ignoring protrusion settings for this character.
LaTeX Font Info:    External font `lmex10' loaded for size
(Font)              <10> on input line 152.
LaTeX Font Info:    External font `lmex10' loaded for size
(Font)              <7> on input line 152.

Underfull \hbox (badness 2418) in paragraph at lines 173--177
[]\T1/lmr/m/n/10 (+20) A clean, syn-the-sis-able shared AES-128 dat-a-p-ath
 []

[1{C:/Users/LENOVO/AppData/Local/MiKTeX/fonts/map/pdftex/pdftex.map}{C:/Users/L
ENOVO/AppData/Local/Programs/MiKTeX/fonts/enc/dvips/lm/lm-ec.enc}


{C:/Users/LENOVO/AppData/Local/Programs/MiKTeX/fonts/enc/dvips/lm/lm-rm.enc}{C:
/Users/LENOVO/AppData/Local/Programs/MiKTeX/fonts/enc/dvips/lm/lm-mathsy.enc}] 
[2{C:/Users/LENOVO/AppData/Local/Programs/MiKTeX/fonts/enc/dvips/lm/lm-mathit.e
nc}{C:/Users/LENOVO/AppData/Local/Programs/MiKTeX/fonts/enc/dvips/lm/lm-mathex.
enc}]
Underfull \hbox (badness 10000) in paragraph at lines 311--316
   [] $\OML/lmm/m/it/10 C[] \OT1/lmr/m/n/10 (+20) = \OML/lmm/m/it/10 P[] \OMS/l
msy/m/n/10 ^^H \OML/lmm/m/it/10 E[]\OT1/lmr/m/n/10 (+20) ([][])$ \T1/lmr/m/n/10
 (+20) where
 []


Underfull \hbox (badness 10000) in paragraph at lines 311--316
[][] \OT1/lmr/m/n/10 (+20) = [][]([][])$ \T1/lmr/m/n/10 (+20) and tag
 []

LaTeX Font Info:    Trying to load font information for T1+lmtt on input line 3
30.
(C:\Users\LENOVO\AppData\Local\Programs\MiKTeX\tex/latex/lm\t1lmtt.fd
File: t1lmtt.fd 2015/05/01 v1.6.1 Font defs for Latin Modern
)
Package microtype Info: Loading generic protrusion settings for font family
(microtype)             `lmtt' (encoding: T1).
(microtype)             For optimal results, create family-specific settings.
(microtype)             See the microtype manual for details.

Underfull \hbox (badness 2035) in paragraph at lines 337--339
[]\T1/lmtt/m/n/10 AES_Encrypt_Pipe\T1/lmr/m/n/10 (+20) : 11-stage fully-pipelin
ed en-crypt
 []


Underfull \hbox (badness 2035) in paragraph at lines 339--341
[]\T1/lmtt/m/n/10 AES_Decrypt_Pipe\T1/lmr/m/n/10 (+20) : 10-stage fully-pipelin
ed de-crypt
 []

Package microtype Info: Character `029' is missing
(microtype)             in font `T1/lmr/m/sc/8'.
(microtype)             Ignoring protrusion settings for this character.
LaTeX Font Info:    External font `lmex10' loaded for size
(Font)              <8> on input line 374.

Underfull \hbox (badness 1571) in paragraph at lines 381--384
\T1/lmr/m/n/8 (+20) core for all modes; mode-specific pre/post in
 []


Overfull \hbox (3.83954pt too wide) in paragraph at lines 374--393
 [][] 
 []


Underfull \hbox (badness 10000) in paragraph at lines 413--418
[]\T1/lmr/m/n/10 (+20) Constants and types live in \T1/lmtt/m/n/10 aes_pkg.sv\T
1/lmr/m/n/10 (+20) :
 []


Underfull \hbox (badness 10000) in paragraph at lines 413--418
\T1/lmtt/m/n/10 NUM_ROUNDS=10\T1/lmr/m/n/10 (+20) , \T1/lmtt/m/n/10 PIPE_DEPTH=
11\T1/lmr/m/n/10 (+20) , \T1/lmtt/m/n/10 NUM_BANKS=2 \T1/lmr/m/n/10 (+20) and
 []


Underfull \hbox (badness 10000) in paragraph at lines 413--418
\T1/lmtt/m/n/10 aes_block_t = logic [127:0]\T1/lmr/m/n/10 (+20) , \T1/lmtt/m/n/
10 aes_word_t = logic
 []

[3
pdfTeX warning (ext4): destination with the same identifier (name{figure.1}) ha
s been already used, duplicate ignored
<argument> ...shipout:D \box_use:N \l_shipout_box 
                                                  \__shipout_drop_firstpage_...
l.449   \item t
               he \emph{IV/feedback register} that holds $C_{i-1}$ for CBC,
pdfTeX warning (ext4): destination with the same identifier (name{table.1}) has
 been already used, duplicate ignored
<argument> ...shipout:D \box_use:N \l_shipout_box 
                                                  \__shipout_drop_firstpage_...
l.449   \item t
               he \emph{IV/feedback register} that holds $C_{i-1}$ for CBC,]
Package hyperref Info: bookmark level for unknown algorithm defaults to 0 on in
put line 472.

Overfull \hbox (11.73898pt too wide) in paragraph at lines 479--481
[] $[]\OT1/lmr/m/n/10 (-20) [[]] \OMS/lmsy/m/n/10   \OT1/lmr/m/n/10 (-20) (\OML
/lmm/m/it/10 data; mode; enc[]dec; pipe[]override\OT1/lmr/m/n/10 (-20) )$ 
 []


Underfull \hbox (badness 2753) in paragraph at lines 493--501
[]\T1/lmr/m/n/10 (+20) The pipeline is struc-tured as 11 reg-is-ter stages,
 []


Underfull \hbox (badness 1354) in paragraph at lines 493--501
\T1/lmr/m/n/10 (+20) one per round, with stage 0 per-form-ing the ini-tial
 []


Underfull \hbox (badness 1694) in paragraph at lines 522--527
[]\T1/lmtt/m/n/10 AES_Key_Expansion_128\T1/lmr/m/n/10 (+20) : 12-cycle se-quen-
tial en-gine
 []

[4
pdfTeX warning (ext4): destination with the same identifier (name{table.2}) has
 been already used, duplicate ignored
<argument> ...shipout:D \box_use:N \l_shipout_box 
                                                  \__shipout_drop_firstpage_...
l.564 
      ]

Package hyperref Warning: Token not allowed in a PDF string (Unicode):
(hyperref)                removing `math shift' on input line 591.


Package hyperref Warning: Token not allowed in a PDF string (Unicode):
(hyperref)                removing `superscript' on input line 591.


Package hyperref Warning: Token not allowed in a PDF string (Unicode):
(hyperref)                removing `math shift' on input line 591.

LaTeX Font Info:    Trying to load font information for OT1+lmtt on input line 
598.
(C:\Users\LENOVO\AppData\Local\Programs\MiKTeX\tex/latex/lm\ot1lmtt.fd
File: ot1lmtt.fd 2015/05/01 v1.6.1 Font defs for Latin Modern
)
Underfull \hbox (badness 10000) in paragraph at lines 642--644
[]\T1/lmr/m/n/10 (+20) Each col-umn is re-placed by its prod-uct (in
 []


Overfull \hbox (53.98897pt too wide) detected at line 667
\OML/lmm/m/it/10 w[] \OT1/lmr/m/n/10 = []
 []


Underfull \hbox (badness 10000) in paragraph at lines 667--670
\T1/lmr/m/n/10 (+20) where the round con-stants $[]\OT1/lmr/m/n/10 (+20) (\OML/
lmm/m/it/10 j\OT1/lmr/m/n/10 (+20) )$ \T1/lmr/m/n/10 (+20) are
 []

[5
pdfTeX warning (ext4): destination with the same identifier (name{figure.2}) ha
s been already used, duplicate ignored
<argument> ...shipout:D \box_use:N \l_shipout_box 
                                                  \__shipout_drop_firstpage_...
l.700 \section
              {Verification Architecture}{C:/Users/LENOVO/AppData/Local/Program
s/MiKTeX/fonts/enc/dvips/lm/lm-rmtt.enc}
pdfTeX warning (ext4): destination with the same identifier (name{table.3}) has
 been already used, duplicate ignored
<argument> ...shipout:D \box_use:N \l_shipout_box 
                                                  \__shipout_drop_firstpage_...
l.700 \section
              {Verification Architecture}]
Underfull \hbox (badness 6493) in paragraph at lines 704--708
[]\T1/lmr/m/n/10 (+20) The ver-i-fi-ca-tion en-vi-ron-ment fol-lows the clas-si
c
 []


Underfull \hbox (badness 10000) in paragraph at lines 756--757
[]|\T1/lmr/m/n/9 (+20) SubBytes/MC/key-
 []


Overfull \hbox (3.83954pt too wide) in paragraph at lines 744--773
 [][] 
 []

[6
pdfTeX warning (ext4): destination with the same identifier (name{figure.3}) ha
s been already used, duplicate ignored
<argument> ...shipout:D \box_use:N \l_shipout_box 
                                                  \__shipout_drop_firstpage_...
l.807 
      
pdfTeX warning (ext4): destination with the same identifier (name{table.4}) has
 been already used, duplicate ignored
<argument> ...shipout:D \box_use:N \l_shipout_box 
                                                  \__shipout_drop_firstpage_...
l.807 
      ]
Underfull \hbox (badness 2426) in paragraph at lines 813--820
[]\T1/lmr/m/n/10 (+20) Three ref-er-ence pack-ages and one class are pro-
 []


Underfull \hbox (badness 2065) in paragraph at lines 813--820
\T1/lmr/m/n/10 (+20) vided (\T1/lmtt/m/n/10 aes_refmodel\T1/lmr/m/n/10 (+20) , 
\T1/lmtt/m/n/10 mode_refmodel\T1/lmr/m/n/10 (+20) , \T1/lmtt/m/n/10 gcm_refmode
l\T1/lmr/m/n/10 (+20) ,
 []


Underfull \hbox (badness 10000) in paragraph at lines 835--844
[]\T1/lmr/m/n/10 (+20) Five named di-rected tests (\T1/lmtt/m/n/10 test_smoke\T
1/lmr/m/n/10 (+20) ,
 []


Underfull \hbox (badness 10000) in paragraph at lines 835--844
\T1/lmtt/m/n/10 test_mode_switch\T1/lmr/m/n/10 (+20) , \T1/lmtt/m/n/10 test_lon
g_stream\T1/lmr/m/n/10 (+20) ,
 []


Underfull \hbox (badness 2418) in paragraph at lines 835--844
\T1/lmtt/m/n/10 test_dual_bank\T1/lmr/m/n/10 (+20) , \T1/lmtt/m/n/10 test_gcm_s
tress\T1/lmr/m/n/10 (+20) ) com-ple-ment two
 []


Underfull \hbox (badness 10000) in paragraph at lines 835--844
\T1/lmr/m/n/10 (+20) and one fault-injection test (\T1/lmtt/m/n/10 test_reset\T
1/lmr/m/n/10 (+20) , which
 []


Underfull \hbox (badness 3229) in paragraph at lines 846--851
\T1/lmr/m/n/10 (+20) po-nent can be reused in-de-pen-dently. For ex-am-ple,
 []

Package microtype Info: Character `029' is missing
(microtype)             in font `T1/lmtt/m/sc/8'.
(microtype)             Ignoring protrusion settings for this character.

Overfull \hbox (21.73375pt too wide) in paragraph at lines 872--872
[]|\T1/lmtt/m/n/9 cg_mode_transitions| 
 []


Overfull \hbox (2.83379pt too wide) in paragraph at lines 873--873
[]|\T1/lmtt/m/n/9 cg_backpressure| 
 []


Overfull \hbox (12.28377pt too wide) in paragraph at lines 875--875
[]|\T1/lmtt/m/n/9 cg_dual_bank_swap| 
 []


Overfull \hbox (7.55878pt too wide) in paragraph at lines 878--878
[]|\T1/lmtt/m/n/9 cg_serialization| 
 []


Overfull \hbox (12.28377pt too wide) in paragraph at lines 879--879
[]|\T1/lmtt/m/n/9 cg_reset_recovery| 
 []


Overfull \hbox (3.83954pt too wide) in paragraph at lines 867--882
 [][] 
 []


Underfull \hbox (badness 10000) in paragraph at lines 885--890
[]\T1/lmr/m/n/10 (+20) The most in-for-ma-tive crosses are \T1/lmtt/m/n/10 cg_m
ode $\OMS/lmsy/m/n/10 ^^B$
 []


Underfull \hbox (badness 6995) in paragraph at lines 885--890
\T1/lmtt/m/n/10 cg_backpressure \T1/lmr/m/n/10 (+20) (does ev-ery mode get ex-e
r-cised
 []


Underfull \hbox (badness 2012) in paragraph at lines 892--898
\T1/lmr/m/n/10 (+20) via \T1/lmtt/m/n/10 cg_gcm \T1/lmr/m/n/10 (+20) (phase cov
-er-point) and di-rectly by the
 []


Underfull \hbox (badness 2237) in paragraph at lines 905--909
[]\T1/lmr/m/n/10 (+20) Run tar-geted di-rected tests (\T1/lmtt/m/n/10 test_mode
_switch\T1/lmr/m/n/10 (+20) ,
 []

LaTeX Font Info:    Font shape `T1/lmtt/bx/n' in size <10> not available
(Font)              Font shape `T1/lmtt/b/n' tried instead on input line 931.
[7
pdfTeX warning (ext4): destination with the same identifier (name{table.5}) has
 been already used, duplicate ignored
<argument> ...shipout:D \box_use:N \l_shipout_box 
                                                  \__shipout_drop_firstpage_...
l.936 ...a\_bank0\_free}, \texttt{a\_bank1\_free}]
                                                  ]
Underfull \hbox (badness 10000) in paragraph at lines 975--978
[]\T1/lmr/m/n/10 (+20) Vivado XSIM 2021.x or newer (\T1/lmtt/m/n/10 xvlog -sv
 []


Underfull \hbox (badness 10000) in paragraph at lines 978--981
[]\T1/lmr/m/n/10 (+20) Mentor Mod-el-Sim 2019.x or newer
 []


Underfull \hbox (badness 10000) in paragraph at lines 978--981
\T1/lmr/m/n/10 (+20) (\T1/lmtt/m/n/10 vlib work\T1/lmr/m/n/10 (+20) , \T1/lmtt/
m/n/10 vlog -sv -f filelist.f\T1/lmr/m/n/10 (+20) ,
 []


Underfull \hbox (badness 4765) in paragraph at lines 991--994
[]\T1/lmr/m/n/10 (+20) the raw trans-for-ma-tion mod-ules (\T1/lmtt/m/n/10 SubB
ytes.sv\T1/lmr/m/n/10 (+20) ,
 []


Underfull \hbox (badness 2970) in paragraph at lines 996--998
[]\T1/lmr/m/n/10 (+20) the GCM helpers (\T1/lmtt/m/n/10 gcm_ctr_gen\T1/lmr/m/n/
10 (+20) , \T1/lmtt/m/n/10 ghash_gf128*\T1/lmr/m/n/10 (+20) ,
 []


Underfull \hbox (badness 10000) in paragraph at lines 998--1003
[]\T1/lmr/m/n/10 (+20) the \T1/lmr/m/it/10 (+20) fixed \T1/lmr/m/n/10 (+20) var
i-ants of \T1/lmtt/m/n/10 aes_mode_datapath\T1/lmr/m/n/10 (+20) ,
 []


Underfull \hbox (badness 3579) in paragraph at lines 1024--1028
[]\T1/lmr/bx/n/10 (+20) Key sys-tem: \T1/lmtt/m/n/10 key_push\T1/lmr/m/n/10 (+2
0) , \T1/lmtt/m/n/10 bank_valid\T1/lmr/m/n/10 (+20) , \T1/lmtt/m/n/10 bank_busy
\T1/lmr/m/n/10 (+20) ,
 []


Underfull \hbox (badness 2111) in paragraph at lines 1024--1028
\T1/lmtt/m/n/10 bank_free\T1/lmr/m/n/10 (+20) , \T1/lmtt/m/n/10 key_sys.exp_sta
rt\T1/lmr/m/n/10 (+20) , \T1/lmtt/m/n/10 key_sys.exp_done\T1/lmr/m/n/10 (+20) ,

 []


Underfull \hbox (badness 10000) in paragraph at lines 1028--1031
[]\T1/lmr/bx/n/10 (+20) GCM: \T1/lmtt/m/n/10 gcm_ctrl.state\T1/lmr/m/n/10 (+20)
 , \T1/lmtt/m/n/10 pipe_override\T1/lmr/m/n/10 (+20) ,
 []


Underfull \hbox (badness 10000) in paragraph at lines 1057--1061
[]\T1/lmr/m/n/10 (+20) Every score-board mis-match is emit-ted via
 []


Underfull \hbox (badness 10000) in paragraph at lines 1057--1061
\T1/lmtt/m/n/10 aes_tb_pkg::format_mismatch\T1/lmr/m/n/10 (+20) . An ex-am-ple 
block
 []

[8]
Overfull \hbox (6.75688pt too wide) detected at line 1147
\OML/lmm/m/it/10 T[] \OMS/lmsy/m/n/10 ^^Y \OT1/lmr/m/n/10 12\OML/lmm/m/it/10 :\
OT1/lmr/m/n/10 8 []\OML/lmm/m/it/10 ;  T[] \OMS/lmsy/m/n/10 ^^Y \OT1/lmr/m/n/10
 1\OML/lmm/m/it/10 :\OT1/lmr/m/n/10 16 []\OML/lmm/m/it/10 :
 []


Underfull \hbox (badness 4927) in paragraph at lines 1210--1221
\T1/lmr/m/n/10 (+20) er-age in \T1/lmtt/m/n/10 cg_mode\T1/lmr/m/n/10 (+20) , \T
1/lmtt/m/n/10 cg_backpressure\T1/lmr/m/n/10 (+20) , \T1/lmtt/m/n/10 cg_key_bank
s
 []


Underfull \hbox (badness 1424) in paragraph at lines 1210--1221
\T1/lmr/m/n/10 (+20) and \T1/lmtt/m/n/10 cg_gcm \T1/lmr/m/n/10 (+20) reaches 10
0% af-ter a four-seed run of
 []

[9
pdfTeX warning (ext4): destination with the same identifier (name{table.6}) has
 been already used, duplicate ignored
<argument> ...shipout:D \box_use:N \l_shipout_box 
                                                  \__shipout_drop_firstpage_...
l.1221 
       
pdfTeX warning (ext4): destination with the same identifier (name{figure.4}) ha
s been already used, duplicate ignored
<argument> ...shipout:D \box_use:N \l_shipout_box 
                                                  \__shipout_drop_firstpage_...
l.1221 
       ]
Underfull \hbox (badness 10000) in paragraph at lines 1291--1295
[]\T1/lmr/bx/n/10 (+20) AXI-Stream data: \T1/lmr/m/n/10 (+20) 128-bit \T1/lmtt/
m/n/10 TDATA\T1/lmr/m/n/10 (+20) , sin-gle
 []


Underfull \hbox (badness 1701) in paragraph at lines 1321--1333
\T1/lmr/m/n/10 (+20) Man-ual in-spec-tion con-firmed that the top con-nects
 []

[10
pdfTeX warning (ext4): destination with the same identifier (name{figure.5}) ha
s been already used, duplicate ignored
<argument> ...shipout:D \box_use:N \l_shipout_box 
                                                  \__shipout_drop_firstpage_...
l.1333 
       
pdfTeX warning (ext4): destination with the same identifier (name{figure.6}) ha
s been already used, duplicate ignored
<argument> ...shipout:D \box_use:N \l_shipout_box 
                                                  \__shipout_drop_firstpage_...
l.1333 
       
pdfTeX warning (ext4): destination with the same identifier (name{table.7}) has
 been already used, duplicate ignored
<argument> ...shipout:D \box_use:N \l_shipout_box 
                                                  \__shipout_drop_firstpage_...
l.1333 
       ]
Underfull \hbox (badness 4001) in paragraph at lines 1378--1384
\T1/lmr/m/n/10 (+20) on \T1/lmtt/m/n/10 input_gap_max \T1/lmr/m/n/10 (+20) (\T1
/lmtt/m/n/10 inside{[gap_min:16]}\T1/lmr/m/n/10 (+20) ) when
 []


Underfull \hbox (badness 2334) in paragraph at lines 1390--1394
\T1/lmr/m/n/10 (+20) Adding \T1/lmtt/m/n/10 test_gcm_stress \T1/lmr/m/n/10 (+20
) with de-lib-er-ately stalled
 []


Underfull \hbox (badness 10000) in paragraph at lines 1402--1406
[]\T1/lmr/bx/n/10 (+20) Pipelined AES-192/256: \T1/lmr/m/n/10 (+20) ex-tend
 []


Underfull \hbox (badness 10000) in paragraph at lines 1402--1406
\T1/lmtt/m/n/10 aes_pkg::NUM_ROUNDS \T1/lmr/m/n/10 (+20) and add the cor-re-spo
nd-ing
 []

[11] (aes_report.bbl)
LaTeX Font Info:    Font shape `T1/lmtt/bx/n' in size <7> not available
(Font)              Font shape `T1/lmtt/b/n' tried instead on input line 1479.
 [12]
Underfull \hbox (badness 10000) in paragraph at lines 1623--1623
[]|\T1/lmtt/m/n/9 uvm_test \T1/lmr/m/n/9 (+20) +
 []


Overfull \hbox (4.72408pt too wide) in paragraph at lines 1624--1624
[]|\T1/lmtt/m/n/9 uvm_sequence_item| 
 []


Underfull \hbox (badness 10000) in paragraph at lines 1625--1626
[]|\T1/lmr/m/n/9 (+20) no build/connect
 []


Underfull \hbox (badness 6691) in paragraph at lines 1626--1626
[]|\T1/lmtt/m/n/9 uvm_sequencer \T1/lmr/m/n/9 (+20) +
 []


Underfull \hbox (badness 10000) in paragraph at lines 1627--1627
[]|\T1/lmr/m/n/9 (+20) mailbox
 []


Overfull \hbox (4.72408pt too wide) in paragraph at lines 1627--1627
[]|\T1/lmtt/m/n/9 uvm_analysis_port
 []


Underfull \hbox (badness 10000) in paragraph at lines 1628--1628
[]|\T1/lmtt/m/n/9 uvm_config_db
 []


Underfull \hbox (badness 6348) in paragraph at lines 1628--1629
[]|\T1/lmr/m/n/9 (+20) handle passed di-
 []


Underfull \hbox (badness 2521) in paragraph at lines 1629--1630
[]|\T1/lmr/m/n/9 (+20) covergroups iden-ti-
 []


Underfull \hbox (badness 10000) in paragraph at lines 1630--1630
[]|\T1/lmtt/m/n/9 `uvm_info /
 []


Underfull \hbox (badness 10000) in paragraph at lines 1630--1631
[]|\T1/lmr/m/n/9 (+20) macros wrap
 []


Overfull \hbox (15.84338pt too wide) in paragraph at lines 1617--1633
 [][] 
 []


Underfull \hbox (badness 10000) in paragraph at lines 1644--1646
[]\T1/lmr/m/n/10 (+20) the \T1/lmtt/m/n/10 aes_env::connect() \T1/lmr/m/n/10 (+
20) method be-comes a
 []


Underfull \hbox (badness 10000) in paragraph at lines 1663--1664
[]|\T1/lmtt/m/n/9 in_valid && !in_ready |=>
 []


Overfull \hbox (18.58296pt too wide) in paragraph at lines 1664--1664
[]|\T1/lmtt/m/n/9 a_out_stable_under_bp| 
 []


Underfull \hbox (badness 10000) in paragraph at lines 1665--1666
[]|\T1/lmtt/m/n/9 out_valid && !out_ready |=>
 []


Underfull \hbox (badness 10000) in paragraph at lines 1667--1668
[]|\T1/lmtt/m/n/9 dbg_bank_free[0] |->
 []


Underfull \hbox (badness 10000) in paragraph at lines 1667--1668
\T1/lmtt/m/n/9 !dbg_bank_valid[0] &&
 []


Underfull \hbox (badness 10000) in paragraph at lines 1669--1670
[]|\T1/lmtt/m/n/9 dbg_bank_free[1] |->
 []


Underfull \hbox (badness 10000) in paragraph at lines 1669--1670
\T1/lmtt/m/n/9 !dbg_bank_valid[1] &&
 []


Underfull \hbox (badness 10000) in paragraph at lines 1671--1672
[]|\T1/lmtt/m/n/9 aad_valid && !aad_ready |=>
 []


Overfull \hbox (9.13298pt too wide) in paragraph at lines 1672--1672
[]|\T1/lmtt/m/n/9 a_deadlock_watchdog| 
 []


Underfull \hbox (badness 10000) in paragraph at lines 1676--1677
[]|\T1/lmtt/m/n/9 tag_valid |-> mode == MODE_GCM
 []


Overfull \hbox (3.84338pt too wide) in paragraph at lines 1658--1679
 [][] 
 []


** Conference Paper **
Before submitting the final camera ready copy, remember to:

 1. Manually equalize the lengths of two columns on the last page
 of your paper;

 2. Ensure that any PostScript and/or PDF output post-processing
 uses only Type 1 fonts and that every step in the generation
 process uses the appropriate paper size.

[13
pdfTeX warning (ext4): destination with the same identifier (name{table.8}) has
 been already used, duplicate ignored
<argument> ...shipout:D \box_use:N \l_shipout_box 
                                                  \__shipout_drop_firstpage_...
l.1714 \end{document}
                     ] (aes_report.aux)
 ***********
LaTeX2e <2025-11-01>
L3 programming layer <2026-03-20>
 ***********
Package rerunfilecheck Info: File `aes_report.out' has not changed.
(rerunfilecheck)             Checksum: 9A194D07C4989E4F41BABAB6C674FBA3;17096.
 ) 
Here is how much of TeX's memory you used:
 17443 strings out of 467691
 273682 string characters out of 5414503
 1163401 words of memory out of 5000000
 45647 multiletter control sequences out of 15000+600000
 861683 words of font info for 320 fonts, out of 8000000 for 9000
 1141 hyphenation exceptions out of 8191
 75i,12n,79p,1009b,2018s stack positions out of 10000i,1000n,20000p,200000b,200000s
<C:/Users/LENOVO/AppData/Local/Programs/MiKTeX/fonts/type1/public/lm/lmbx10.p
fb><C:/Users/LENOVO/AppData/Local/Programs/MiKTeX/fonts/type1/public/lm/lmbx8.p
fb><C:/Users/LENOVO/AppData/Local/Programs/MiKTeX/fonts/type1/public/lm/lmbx9.p
fb><C:/Users/LENOVO/AppData/Local/Programs/MiKTeX/fonts/type1/public/lm/lmbxi10
.pfb><C:/Users/LENOVO/AppData/Local/Programs/MiKTeX/fonts/type1/public/lm/lmcsc
10.pfb><C:/Users/LENOVO/AppData/Local/Programs/MiKTeX/fonts/type1/public/lm/lme
x10.pfb><C:/Users/LENOVO/AppData/Local/Programs/MiKTeX/fonts/type1/public/lm/lm
mi10.pfb><C:/Users/LENOVO/AppData/Local/Programs/MiKTeX/fonts/type1/public/lm/l
mmi5.pfb><C:/Users/LENOVO/AppData/Local/Programs/MiKTeX/fonts/type1/public/lm/l
mmi7.pfb><C:/Users/LENOVO/AppData/Local/Programs/MiKTeX/fonts/type1/public/lm/l
mmi8.pfb><C:/Users/LENOVO/AppData/Local/Programs/MiKTeX/fonts/type1/public/lm/l
mr10.pfb><C:/Users/LENOVO/AppData/Local/Programs/MiKTeX/fonts/type1/public/lm/l
mr12.pfb><C:/Users/LENOVO/AppData/Local/Programs/MiKTeX/fonts/type1/public/lm/l
mr17.pfb><C:/Users/LENOVO/AppData/Local/Programs/MiKTeX/fonts/type1/public/lm/l
mr5.pfb><C:/Users/LENOVO/AppData/Local/Programs/MiKTeX/fonts/type1/public/lm/lm
r6.pfb><C:/Users/LENOVO/AppData/Local/Programs/MiKTeX/fonts/type1/public/lm/lmr
7.pfb><C:/Users/LENOVO/AppData/Local/Programs/MiKTeX/fonts/type1/public/lm/lmr8
.pfb><C:/Users/LENOVO/AppData/Local/Programs/MiKTeX/fonts/type1/public/lm/lmr9.
pfb><C:/Users/LENOVO/AppData/Local/Programs/MiKTeX/fonts/type1/public/lm/lmri10
.pfb><C:/Users/LENOVO/AppData/Local/Programs/MiKTeX/fonts/type1/public/lm/lmri8
.pfb><C:/Users/LENOVO/AppData/Local/Programs/MiKTeX/fonts/type1/public/lm/lmsy1
0.pfb><C:/Users/LENOVO/AppData/Local/Programs/MiKTeX/fonts/type1/public/lm/lmsy
7.pfb><C:/Users/LENOVO/AppData/Local/Programs/MiKTeX/fonts/type1/public/lm/lmsy
8.pfb><C:/Users/LENOVO/AppData/Local/Programs/MiKTeX/fonts/type1/public/lm/lmsy
9.pfb><C:/Users/LENOVO/AppData/Local/Programs/MiKTeX/fonts/type1/public/lm/lmtc
sc10.pfb><C:/Users/LENOVO/AppData/Local/Programs/MiKTeX/fonts/type1/public/lm/l
mtk10.pfb><C:/Users/LENOVO/AppData/Local/Programs/MiKTeX/fonts/type1/public/lm/
lmtt10.pfb><C:/Users/LENOVO/AppData/Local/Programs/MiKTeX/fonts/type1/public/lm
/lmtt8.pfb><C:/Users/LENOVO/AppData/Local/Programs/MiKTeX/fonts/type1/public/lm
/lmtt9.pfb><C:/Users/LENOVO/AppData/Local/Programs/MiKTeX/fonts/type1/public/lm
/lmtti10.pfb>
Output written on aes_report.pdf (13 pages, 821626 bytes).
PDF statistics:
 941 PDF objects out of 1000 (max. 8388607)
 304 named destinations out of 1000 (max. 500000)
 68345 words of extra memory for PDF output out of 74296 (max. 10000000)

