Vivado Simulator v2025.2
Copyright 1986-2022 Xilinx, Inc. All Rights Reserved.
Copyright 2022-2025 Advanced Micro Devices, Inc. All Rights Reserved.
Running: C:/AMDDesignTools/2025.2/Vivado/bin/unwrapped/win64.o/xelab.exe --incr --debug typical --relax --mt 2 -L xil_defaultlib -L uvm -L unisims_ver -L unimacro_ver -L secureip --snapshot tb_key_system_behav xil_defaultlib.tb_key_system xil_defaultlib.glbl -log elaborate.log 
Using 2 slave threads.
Starting static elaboration
Pass Through NonSizing Optimizer
WARNING: [VRFC 10-3818] variable 'cycle_count' is driven by invalid combination of procedural drivers [C:/Users/LENOVO/Vivado/AES04/AES04.srcs/sim_1/new/tb_key_system.sv:55]
WARNING: [VRFC 10-2921] 'cycle_count' driven by this always_ff block should not be driven by any other process [C:/Users/LENOVO/Vivado/AES04/AES04.srcs/sim_1/new/tb_key_system.sv:58]
Completed static elaboration
Starting simulation data flow analysis
WARNING: [XSIM 43-4099] "C:/Users/LENOVO/Vivado/AES04/AES04.srcs/sources_1/new/aes_pkg.sv" Line 1. Module aes_pkg doesn't have a timescale but at least one module in design has a timescale.
Completed simulation data flow analysis
Time Resolution for simulation is 1ps
Compiling package xil_defaultlib.aes_pkg
Compiling module xil_defaultlib.key_fifo_default
Compiling module xil_defaultlib.key_controller
Compiling module xil_defaultlib.AES_Key_Expansion_128
Compiling module xil_defaultlib.keymem_dual
Compiling module xil_defaultlib.key_system_top
Compiling module xil_defaultlib.tb_key_system
Compiling module xil_defaultlib.glbl
Built simulation snapshot tb_key_system_behav
